[INFO] Scanning for projects...
[INFO] 
[INFO] ------------------< CHC.Team:Ceylon-Harvest-Capital >-------------------
[INFO] Building Ceylon-Harvest-Capital 0.0.1-SNAPSHOT
[INFO]   from pom.xml
[INFO] --------------------------------[ jar ]---------------------------------
[INFO] 
[INFO] --- resources:3.3.1:resources (default-resources) @ Ceylon-Harvest-Capital ---
[INFO] Copying 1 resource from src\main\resources to target\classes
[INFO] Copying 0 resource from src\main\resources to target\classes
[INFO] 
[INFO] --- compiler:3.14.1:compile (default-compile) @ Ceylon-Harvest-Capital ---
[INFO] Nothing to compile - all classes are up to date.
[INFO] 
[INFO] --- resources:3.3.1:testResources (default-testResources) @ Ceylon-Harvest-Capital ---
[INFO] skip non existing resourceDirectory C:\Users\ACER\OneDrive\Desktop\test 2\Smart_Agricultural_Platform_Backend\src\test\resources
[INFO] 
[INFO] --- compiler:3.14.1:testCompile (default-testCompile) @ Ceylon-Harvest-Capital ---
[INFO] Nothing to compile - all classes are up to date.
[INFO] 
[INFO] --- surefire:3.5.4:test (default-test) @ Ceylon-Harvest-Capital ---
[INFO] Using auto detected provider org.apache.maven.surefire.junitplatform.JUnitPlatformProvider
[INFO] 
[INFO] -------------------------------------------------------
[INFO]  T E S T S
[INFO] -------------------------------------------------------
[INFO] Running CHC.Team.Ceylon.Harvest.Capital.controller.InvestorMilestoneControllerTest
Mockito is currently self-attaching to enable the inline-mock-maker. This will no longer work in future releases of the JDK. Please add Mockito as an agent to your build as described in Mockito's documentation: https://javadoc.io/doc/org.mockito/mockito-core/latest/org.mockito/org/mockito/Mockito.html#0.3
WARNING: A Java agent has been loaded dynamically (C:\Users\ACER\.m2\repository\net\bytebuddy\byte-buddy-agent\1.17.8\byte-buddy-agent-1.17.8.jar)
WARNING: If a serviceability tool is in use, please run with -XX:+EnableDynamicAgentLoading to hide this warning
WARNING: If a serviceability tool is not in use, please run with -Djdk.instrument.traceUsage for more information
WARNING: Dynamic loading of agents will be disallowed by default in a future release
Java HotSpot(TM) 64-Bit Server VM warning: Sharing is only supported for boot loader classes because bootstrap classpath has been appended
06:59:33.650 [main] INFO org.springframework.mock.web.MockServletContext -- Initializing Spring TestDispatcherServlet ''
06:59:33.651 [main] INFO org.springframework.test.web.servlet.TestDispatcherServlet -- Initializing Servlet ''
06:59:33.656 [main] INFO org.springframework.test.web.servlet.TestDispatcherServlet -- Completed initialization in 2 ms
06:59:33.926 [main] INFO org.springframework.mock.web.MockServletContext -- Initializing Spring TestDispatcherServlet ''
06:59:33.926 [main] INFO org.springframework.test.web.servlet.TestDispatcherServlet -- Initializing Servlet ''
06:59:33.927 [main] INFO org.springframework.test.web.servlet.TestDispatcherServlet -- Completed initialization in 1 ms
06:59:33.950 [main] INFO org.springframework.mock.web.MockServletContext -- Initializing Spring TestDispatcherServlet ''
06:59:33.950 [main] INFO org.springframework.test.web.servlet.TestDispatcherServlet -- Initializing Servlet ''
06:59:33.950 [main] INFO org.springframework.test.web.servlet.TestDispatcherServlet -- Completed initialization in 0 ms
06:59:33.971 [main] INFO org.springframework.mock.web.MockServletContext -- Initializing Spring TestDispatcherServlet ''
06:59:33.971 [main] INFO org.springframework.test.web.servlet.TestDispatcherServlet -- Initializing Servlet ''
06:59:33.971 [main] INFO org.springframework.test.web.servlet.TestDispatcherServlet -- Completed initialization in 0 ms
[INFO] Tests run: 4, Failures: 0, Errors: 0, Skipped: 0, Time elapsed: 2.207 s -- in CHC.Team.Ceylon.Harvest.Capital.controller.InvestorMilestoneControllerTest
[INFO] Running CHC.Team.Ceylon.Harvest.Capital.service.InvestorMilestoneServiceImplTest
[INFO] Tests run: 7, Failures: 0, Errors: 0, Skipped: 0, Time elapsed: 0.194 s -- in CHC.Team.Ceylon.Harvest.Capital.service.InvestorMilestoneServiceImplTest
[INFO] 
[INFO] Results:
[INFO] 
[INFO] Tests run: 11, Failures: 0, Errors: 0, Skipped: 0
[INFO] 
[INFO] ------------------------------------------------------------------------
[INFO] BUILD SUCCESS
[INFO] ------------------------------------------------------------------------
[INFO] Total time:  5.070 s
[INFO] Finished at: 2026-03-28T06:59:34+05:30
[INFO] ------------------------------------------------------------------------
